// Jest Snapshot v1, https://goo.gl/fbAQLP

exports[`ServingForm renders the UI as expected 1`] = `
<form
  autoComplete="off"
  className="serving-form"
  onSubmit={[Function]}
>
  <h2
    className="sf__h2"
  >
    Track Food
  </h2>
  <div
    className="sf__p-container"
  >
    <p
      className="sf__p"
    >
      Add nutrition info of a food item to your current nutrition and/or store the item for later
    </p>
  </div>
  <div
    className="sf__input-container"
  >
    <label
      className="sf__label"
      htmlFor="name"
    >
      <span>
        Name: 
      </span>
      <div
        className="sf__autocomplete"
      >
        <input
          className="sf__text-input"
          id="name"
          name="name"
          placeholder="Broccoli"
          required={true}
          type="text"
        />
      </div>
    </label>
    <label
      className="sf__label"
      htmlFor="calories"
    >
      <span>
        Calories: 
      </span>
      <input
        className="sf__input-small"
        id="calories"
        name="calories"
        placeholder="340"
        required={true}
        type="text"
      />
    </label>
    <label
      className="sf__label"
      htmlFor="protein"
    >
      <span>
        Protein: 
      </span>
      <input
        className="sf__input-small"
        id="protein"
        name="protein"
        placeholder="12g"
        required={true}
        type="text"
      />
    </label>
    <label
      className="sf__label"
      htmlFor="carbs"
    >
      <span>
        Carbs: 
      </span>
      <input
        className="sf__input-small"
        id="carbs"
        name="carbs"
        placeholder="17g"
        required={true}
        type="text"
      />
    </label>
    <label
      className="sf__label"
      htmlFor="sugar"
    >
      <span>
        Sugar: 
      </span>
      <input
        className="sf__input-small"
        id="sugar"
        name="sugar"
        placeholder="10g"
        required={true}
        type="text"
      />
    </label>
    <label
      className="sf__label"
      htmlFor="fiber"
    >
      <span>
        Fiber: 
      </span>
      <input
        className="sf__input-small"
        id="fiber"
        name="fiber"
        placeholder="8g"
        required={true}
        type="text"
      />
    </label>
    <label
      className="sf__label"
      htmlFor="fat"
    >
      <span>
        Fat: 
      </span>
      <input
        className="sf__input-small"
        id="fat"
        name="fat"
        placeholder="13g"
        required={true}
        type="text"
      />
    </label>
    <label
      className="sf__label"
      htmlFor="sodium"
    >
      <span>
        Sodium: 
      </span>
      <input
        className="sf__input-small"
        id="sodium"
        name="sodium"
        placeholder="10mg"
        required={true}
        type="text"
      />
    </label>
    <label
      className="sf__label sf__block sf__serving-size-label"
      htmlFor="serving-size"
    >
      <span
        className="sf__block"
      >
        Serving Size: 
      </span>
      <input
        className="sf__text-input"
        id="serving-size"
        name="serving-size"
        placeholder="2"
        type="text"
      />
      <select
        id="unit-of-measure"
      >
        <optgroup
          label="Weight"
        >
          <option
            value="oz"
          >
            Ounces
            (oz)
          </option>
          <option
            value="g"
          >
            Grams
            (g)
          </option>
        </optgroup>
        <optgroup
          label="Volume"
        >
          <option
            value="cups"
          >
            Cups
          </option>
          <option
            value="tspn"
          >
            Teaspoon
            (tspn)
          </option>
          <option
            value="tblspn"
          >
            Tablespoon
            (tblspn)
          </option>
        </optgroup>
        <optgroup
          label="Other"
        >
          <option
            value="container"
          >
            Container
          </option>
        </optgroup>
      </select>
      <span
        className="sf__serving-size-note"
      >
        Only required if "Store Item" is checked
      </span>
    </label>
  </div>
  <div
    className="sf__submit-button-container"
  >
    <button
      className="sf__submit-button"
      type="submit"
    >
      Submit
    </button>
    <label
      className="sf__label sf__store-item-label"
    >
      <span
        htmlFor="store-item"
      >
        Store Item: 
      </span>
      <input
        id="store-item"
        name="store-item"
        type="checkbox"
      />
    </label>
  </div>
</form>
`;
